// Jest Snapshot v1, https://goo.gl/fbAQLP

exports[`modules/RouteProduct should redirect for all access 1`] = `

<div data-reactroot>
  PRIVATE
</div>

`;
