// Jest Snapshot v1, https://goo.gl/fbAQLP

exports[`store should have a persistor 1`] = `
Object {
  "bootstrapped": true,
  "registry": Array [],
}
`;

exports[`store should have a store 1`] = `
Object {
  "_persist": Object {
    "rehydrated": true,
    "version": -1,
  },
  "github": Object {
    "repos": Object {
      "data": Object {},
      "message": "",
      "query": "",
      "status": "idle",
    },
  },
}
`;
